// Jest Snapshot v1, https://goo.gl/fbAQLP

exports[`<Alert /> component. Successfully renders with no alerts in alertsState. 1`] = `""`;
