// Jest Snapshot v1, https://goo.gl/fbAQLP

exports[`<Register /> component. Successfully render the component. 1`] = `<Connect(Register) />`;

exports[`<Register /> render() renders the component 1`] = `<Connect(Register) />`;
